// Jest Snapshot v1, https://goo.gl/fbAQLP

exports[`That the Card Component Renders 1`] = `
<div
  className="tc bg-light-green dib br3 pa3 ma2 grow bw2 shadow-5"
  style={
    Object {
      "minWidth": "350px",
    }
  }
>
  <img
    alt="robots"
    src="https://robohash.org/1?size=200x200"
  />
  <div>
     
    <h2>
       
      Test
       
    </h2>
    <p>
       
      test@gmail.com
       
    </p>
  </div>
</div>
`;
